// Jest Snapshot v1, https://goo.gl/fbAQLP

exports[`MailToolbar component snapshot should render as expected 1`] = `
<div
  className="MuiBox-root css-1t8gvs6"
>
  <button
    aria-label="Back"
    aria-labelledby={null}
    className="MuiButtonBase-root MuiIconButton-root MuiIconButton-sizeLarge css-mf1cb5-MuiButtonBase-root-MuiIconButton-root"
    data-mui-internal-clone-element={true}
    disabled={false}
    onBlur={[Function]}
    onClick={[Function]}
    onContextMenu={[Function]}
    onDragLeave={[Function]}
    onFocus={[Function]}
    onKeyDown={[Function]}
    onKeyUp={[Function]}
    onMouseDown={[Function]}
    onMouseLeave={[Function]}
    onMouseOver={[Function]}
    onMouseUp={[Function]}
    onTouchEnd={[Function]}
    onTouchMove={[Function]}
    onTouchStart={[Function]}
    tabIndex={0}
    type="button"
  >
    <svg
      aria-hidden={true}
      className="MuiSvgIcon-root MuiSvgIcon-fontSizeMedium css-i4bv87-MuiSvgIcon-root"
      data-testid="ArrowBackIcon"
      focusable="false"
      viewBox="0 0 24 24"
    >
      <path
        d="M20 11H7.83l5.59-5.59L12 4l-8 8 8 8 1.41-1.41L7.83 13H20v-2z"
      />
    </svg>
    <span
      className="MuiTouchRipple-root css-8je8zh-MuiTouchRipple-root"
    />
  </button>
  <div
    className="MuiBox-root css-i9gxme"
  />
</div>
`;
